[      51ms] [LOG] [Fast Refresh] rebuilding @ webpack-internal:///(app-pages-browser)/./node_modules/next/dist/client/components/react-dev-overlay/app/hot-reloader-client.js:186
[     599ms] [LOG] [Fast Refresh] done in 548ms @ webpack-internal:///(app-pages-browser)/./node_modules/next/dist/client/components/react-dev-overlay/app/hot-reloader-client.js:43
[    1179ms] [ERROR] Failed to load resource: the server responded with a status of 404 (Not Found) @ http://localhost:3001/admin:0
[    1826ms] [INFO] %cDownload the React DevTools for a better development experience: https://reactjs.org/link/react-devtools font-weight:bold @ webpack-internal:///(app-pages-browser)/./node_modules/next/dist/compiled/react-dom/cjs/react-dom.development.js:38559
[    2153ms] [LOG] %c[Vercel Web Analytics]%c Debug mode is enabled by default in development. No requests will be sent to the server. color: rgb(120, 120, 120) color: inherit @ https://va.vercel-scripts.com/v1/script.debug.js:0
[    2157ms] [LOG] %c[Vercel Web Analytics]%c Running queued event color: rgb(120, 120, 120) color: inherit pageview {route: /admin, path: /admin} @ https://va.vercel-scripts.com/v1/script.debug.js:0
[    2159ms] [LOG] %c[Vercel Web Analytics]%c Running queued event color: rgb(120, 120, 120) color: inherit pageview {route: /admin, path: /admin} @ https://va.vercel-scripts.com/v1/script.debug.js:0
[    2161ms] [LOG] %c[Vercel Web Analytics]%c [view] http://localhost:3001/admin color: rgb(120, 120, 120) color: inherit {o: http://localhost:3001/admin, sv: 0.1.3, sdkn: @vercel/analytics/next, sdkv: 2.0.1, ts: 1781268448032} /_vercel/insights/view @ https://va.vercel-scripts.com/v1/script.debug.js:0
[    2162ms] [LOG] %c[Vercel Web Analytics]%c [view] http://localhost:3001/admin color: rgb(120, 120, 120) color: inherit {o: http://localhost:3001/admin, sv: 0.1.3, sdkn: @vercel/analytics/next, sdkv: 2.0.1, ts: 1781268448033} /_vercel/insights/view @ https://va.vercel-scripts.com/v1/script.debug.js:0
[  103487ms] [LOG] [Fast Refresh] rebuilding @ webpack-internal:///(app-pages-browser)/./node_modules/next/dist/client/components/react-dev-overlay/app/hot-reloader-client.js:186
[  104385ms] [LOG] [Fast Refresh] rebuilding @ webpack-internal:///(app-pages-browser)/./node_modules/next/dist/client/components/react-dev-overlay/app/hot-reloader-client.js:186
[  104409ms] [LOG] [Fast Refresh] done in 24ms @ webpack-internal:///(app-pages-browser)/./node_modules/next/dist/client/components/react-dev-overlay/app/hot-reloader-client.js:43
[  104513ms] [LOG] [Fast Refresh] done in 129ms @ webpack-internal:///(app-pages-browser)/./node_modules/next/dist/client/components/react-dev-overlay/app/hot-reloader-client.js:43
[  104741ms] [ERROR] Failed to load resource: the server responded with a status of 404 (Not Found) @ http://localhost:3001/admin?_rsc=1q9jn:0
[  104767ms] [ERROR] Failed to load resource: the server responded with a status of 404 (Not Found) @ http://localhost:3001/admin?_rsc=1q9jn:0
[  105033ms] [ERROR] Failed to load resource: the server responded with a status of 404 (Not Found) @ http://localhost:3001/admin:0
[  105712ms] [INFO] %cDownload the React DevTools for a better development experience: https://reactjs.org/link/react-devtools font-weight:bold @ webpack-internal:///(app-pages-browser)/./node_modules/next/dist/compiled/react-dom/cjs/react-dom.development.js:38559
[  105864ms] [LOG] %c[Vercel Web Analytics]%c Debug mode is enabled by default in development. No requests will be sent to the server. color: rgb(120, 120, 120) color: inherit @ https://va.vercel-scripts.com/v1/script.debug.js:0
[  105865ms] [LOG] %c[Vercel Web Analytics]%c Running queued event color: rgb(120, 120, 120) color: inherit pageview {route: /admin, path: /admin} @ https://va.vercel-scripts.com/v1/script.debug.js:0
[  105865ms] [LOG] %c[Vercel Web Analytics]%c Running queued event color: rgb(120, 120, 120) color: inherit pageview {route: /admin, path: /admin} @ https://va.vercel-scripts.com/v1/script.debug.js:0
[  105866ms] [LOG] %c[Vercel Web Analytics]%c [view] http://localhost:3001/admin color: rgb(120, 120, 120) color: inherit {o: http://localhost:3001/admin, sv: 0.1.3, sdkn: @vercel/analytics/next, sdkv: 2.0.1, ts: 1781268551738} /_vercel/insights/view @ https://va.vercel-scripts.com/v1/script.debug.js:0
[  105866ms] [LOG] %c[Vercel Web Analytics]%c [view] http://localhost:3001/admin color: rgb(120, 120, 120) color: inherit {o: http://localhost:3001/admin, sv: 0.1.3, sdkn: @vercel/analytics/next, sdkv: 2.0.1, ts: 1781268551738} /_vercel/insights/view @ https://va.vercel-scripts.com/v1/script.debug.js:0
[  239408ms] [LOG] [Fast Refresh] rebuilding @ webpack-internal:///(app-pages-browser)/./node_modules/next/dist/client/components/react-dev-overlay/app/hot-reloader-client.js:186
[  241141ms] [LOG] [Fast Refresh] done in 1736ms @ webpack-internal:///(app-pages-browser)/./node_modules/next/dist/client/components/react-dev-overlay/app/hot-reloader-client.js:43
[  241983ms] [LOG] [Fast Refresh] rebuilding @ webpack-internal:///(app-pages-browser)/./node_modules/next/dist/client/components/react-dev-overlay/app/hot-reloader-client.js:186
[  242681ms] [LOG] [Fast Refresh] done in 697ms @ webpack-internal:///(app-pages-browser)/./node_modules/next/dist/client/components/react-dev-overlay/app/hot-reloader-client.js:43
[  243499ms] [ERROR] Failed to load resource: the server responded with a status of 404 (Not Found) @ http://localhost:3001/admin?_rsc=1q9jn:0
[  243774ms] [ERROR] Failed to load resource: the server responded with a status of 404 (Not Found) @ http://localhost:3001/admin?_rsc=1q9jn:0
[  244998ms] [ERROR] Failed to load resource: the server responded with a status of 404 (Not Found) @ http://localhost:3001/admin:0
[  248150ms] [INFO] %cDownload the React DevTools for a better development experience: https://reactjs.org/link/react-devtools font-weight:bold @ webpack-internal:///(app-pages-browser)/./node_modules/next/dist/compiled/react-dom/cjs/react-dom.development.js:38559
[  249148ms] [LOG] %c[Vercel Web Analytics]%c Debug mode is enabled by default in development. No requests will be sent to the server. color: rgb(120, 120, 120) color: inherit @ https://va.vercel-scripts.com/v1/script.debug.js:0
[  249150ms] [LOG] %c[Vercel Web Analytics]%c Running queued event color: rgb(120, 120, 120) color: inherit pageview {route: /admin, path: /admin} @ https://va.vercel-scripts.com/v1/script.debug.js:0
[  249151ms] [LOG] %c[Vercel Web Analytics]%c Running queued event color: rgb(120, 120, 120) color: inherit pageview {route: /admin, path: /admin} @ https://va.vercel-scripts.com/v1/script.debug.js:0
[  249152ms] [LOG] %c[Vercel Web Analytics]%c [view] http://localhost:3001/admin color: rgb(120, 120, 120) color: inherit {o: http://localhost:3001/admin, sv: 0.1.3, sdkn: @vercel/analytics/next, sdkv: 2.0.1, ts: 1781268695023} /_vercel/insights/view @ https://va.vercel-scripts.com/v1/script.debug.js:0
[  249154ms] [LOG] %c[Vercel Web Analytics]%c [view] http://localhost:3001/admin color: rgb(120, 120, 120) color: inherit {o: http://localhost:3001/admin, sv: 0.1.3, sdkn: @vercel/analytics/next, sdkv: 2.0.1, ts: 1781268695024} /_vercel/insights/view @ https://va.vercel-scripts.com/v1/script.debug.js:0
